[www.kodingwife.com/demos/unipro/v1-x/05-design-violet/index.html]
[www.kodingwife.com/demos/unipro/v1-x/05-design-violet/img/fav.png]
[backblue.gif]
[fade.gif]
[index.html]
[www.kodingwife.com/demos/unipro/v1-x/05-design-violet/css/bootstrap.min.css]
[www.kodingwife.com/demos/unipro/v1-x/05-design-violet/fonts/style.css]
[www.kodingwife.com/demos/unipro/v1-x/05-design-violet/css/main.css]
[www.kodingwife.com/demos/unipro/v1-x/05-design-violet/vendor/megamenu/css/megamenu.css]
[www.kodingwife.com/demos/unipro/v1-x/05-design-violet/vendor/search-filter/search-filter.css]
[www.kodingwife.com/demos/unipro/v1-x/05-design-violet/vendor/search-filter/custom-search-filter.css]
[www.kodingwife.com/demos/unipro/v1-x/05-design-violet/analytics.html]
[www.kodingwife.com/demos/unipro/v1-x/05-design-violet/sales.html]
[www.kodingwife.com/demos/unipro/v1-x/05-design-violet/crm.html]
[www.kodingwife.com/demos/unipro/v1-x/05-design-violet/reports.html]
[www.kodingwife.com/demos/unipro/v1-x/05-design-violet/saas.html]
[www.kodingwife.com/demos/unipro/v1-x/05-design-violet/consulting.html]
[www.kodingwife.com/demos/unipro/v1-x/05-design-violet/profile.html]
[www.kodingwife.com/demos/unipro/v1-x/05-design-violet/starter-page.html]
[www.kodingwife.com/demos/unipro/v1-x/05-design-violet/layout-tabs-tooltip.html]
[www.kodingwife.com/demos/unipro/v1-x/05-design-violet/layout-tile-menu.html]
[www.kodingwife.com/demos/unipro/v1-x/05-design-violet/layout-collapse-menu.html]
[www.kodingwife.com/demos/unipro/v1-x/05-design-violet/layout-compact-menu.html]
[www.kodingwife.com/demos/unipro/v1-x/05-design-violet/layout-slim-menu.html]
[www.kodingwife.com/demos/unipro/v1-x/05-design-violet/layout-hover-tabs.html]
[www.kodingwife.com/demos/unipro/v1-x/05-design-violet/layout-daterange.html]
[www.kodingwife.com/demos/unipro/v1-x/05-design-violet/layout-full-screen.html]
[www.kodingwife.com/demos/unipro/v1-x/05-design-violet/layout-full-view.html]
[www.kodingwife.com/demos/unipro/v1-x/05-design-violet/layout-search.html]
[www.kodingwife.com/demos/unipro/v1-x/05-design-violet/layout-megamenu.html]
[www.kodingwife.com/demos/unipro/v1-x/05-design-violet/layout-bradcrumb.html]
[www.kodingwife.com/demos/unipro/v1-x/05-design-violet/layout-scroll-cards.html]
[www.kodingwife.com/demos/unipro/v1-x/05-design-violet/orders.html]
[www.kodingwife.com/demos/unipro/v1-x/05-design-violet/invoices-list.html]
[www.kodingwife.com/demos/unipro/v1-x/05-design-violet/products.html]
[www.kodingwife.com/demos/unipro/v1-x/05-design-violet/products-list.html]
[www.kodingwife.com/demos/unipro/v1-x/05-design-violet/add-product.html]
[www.kodingwife.com/demos/unipro/v1-x/05-design-violet/customers-list.html]
[www.kodingwife.com/demos/unipro/v1-x/05-design-violet/products-reviews.html]
[www.kodingwife.com/demos/unipro/v1-x/05-design-violet/calendar-daygrid-view.html]
[www.kodingwife.com/demos/unipro/v1-x/05-design-violet/calendar-list-view.html]
[www.kodingwife.com/demos/unipro/v1-x/05-design-violet/calendar-external-dragging.html]
[www.kodingwife.com/demos/unipro/v1-x/05-design-violet/calendar-google-view.html]
[www.kodingwife.com/demos/unipro/v1-x/05-design-violet/calendar-selectable.html]
[www.kodingwife.com/demos/unipro/v1-x/05-design-violet/chat.html]
[www.kodingwife.com/demos/unipro/v1-x/05-design-violet/tasks.html]
[www.kodingwife.com/demos/unipro/v1-x/05-design-violet/create-invoice.html]
[www.kodingwife.com/demos/unipro/v1-x/05-design-violet/view-invoice.html]
[www.kodingwife.com/demos/unipro/v1-x/05-design-violet/documents.html]
[www.kodingwife.com/demos/unipro/v1-x/05-design-violet/faq.html]
[www.kodingwife.com/demos/unipro/v1-x/05-design-violet/contacts.html]
[www.kodingwife.com/demos/unipro/v1-x/05-design-violet/pricing.html]
[www.kodingwife.com/demos/unipro/v1-x/05-design-violet/gallery-tiles.html]
[www.kodingwife.com/demos/unipro/v1-x/05-design-violet/gallery.html]
[www.kodingwife.com/demos/unipro/v1-x/05-design-violet/icons.html]
[www.kodingwife.com/demos/unipro/v1-x/05-design-violet/timeline.html]
[www.kodingwife.com/demos/unipro/v1-x/05-design-violet/search-results.html]
[www.kodingwife.com/demos/unipro/v1-x/05-design-violet/account-settings.html]
[www.kodingwife.com/demos/unipro/v1-x/05-design-violet/user-profile.html]
[www.kodingwife.com/demos/unipro/v1-x/05-design-violet/forms-layout-one.html]
[www.kodingwife.com/demos/unipro/v1-x/05-design-violet/forms-layout-two.html]
[www.kodingwife.com/demos/unipro/v1-x/05-design-violet/forms-layout-three.html]
[www.kodingwife.com/demos/unipro/v1-x/05-design-violet/forms-layout-four.html]
[www.kodingwife.com/demos/unipro/v1-x/05-design-violet/forms-layout-five.html]
[www.kodingwife.com/demos/unipro/v1-x/05-design-violet/forms-layout-six.html]
[www.kodingwife.com/demos/unipro/v1-x/05-design-violet/forms-inputs.html]
[www.kodingwife.com/demos/unipro/v1-x/05-design-violet/forms-input-groups.html]
[www.kodingwife.com/demos/unipro/v1-x/05-design-violet/forms-checkbox-radio.html]
[www.kodingwife.com/demos/unipro/v1-x/05-design-violet/forms-validation.html]
[www.kodingwife.com/demos/unipro/v1-x/05-design-violet/forms-dropzone.html]
[www.kodingwife.com/demos/unipro/v1-x/05-design-violet/forms-bs-select.html]
[www.kodingwife.com/demos/unipro/v1-x/05-design-violet/forms-date-time-picker.html]
[www.kodingwife.com/demos/unipro/v1-x/05-design-violet/forms-input-mask.html]
[www.kodingwife.com/demos/unipro/v1-x/05-design-violet/forms-input-range.html]
[www.kodingwife.com/demos/unipro/v1-x/05-design-violet/forms-editor.html]
[www.kodingwife.com/demos/unipro/v1-x/05-design-violet/accordions.html]
[www.kodingwife.com/demos/unipro/v1-x/05-design-violet/alerts.html]
[www.kodingwife.com/demos/unipro/v1-x/05-design-violet/buttons.html]
[www.kodingwife.com/demos/unipro/v1-x/05-design-violet/badges.html]
[www.kodingwife.com/demos/unipro/v1-x/05-design-violet/cards.html]
[www.kodingwife.com/demos/unipro/v1-x/05-design-violet/carousel.html]
[www.kodingwife.com/demos/unipro/v1-x/05-design-violet/list-group.html]
[www.kodingwife.com/demos/unipro/v1-x/05-design-violet/modals.html]
[www.kodingwife.com/demos/unipro/v1-x/05-design-violet/paginations.html]
[www.kodingwife.com/demos/unipro/v1-x/05-design-violet/popovers.html]
[www.kodingwife.com/demos/unipro/v1-x/05-design-violet/progress.html]
[www.kodingwife.com/demos/unipro/v1-x/05-design-violet/spinners.html]
[www.kodingwife.com/demos/unipro/v1-x/05-design-violet/tabs.html]
[www.kodingwife.com/demos/unipro/v1-x/05-design-violet/toasts.html]
[www.kodingwife.com/demos/unipro/v1-x/05-design-violet/tooltips.html]
[www.kodingwife.com/demos/unipro/v1-x/05-design-violet/apex-graphs.html]
[www.kodingwife.com/demos/unipro/v1-x/05-design-violet/morris-graphs.html]
[www.kodingwife.com/demos/unipro/v1-x/05-design-violet/vector-maps.html]
[www.kodingwife.com/demos/unipro/v1-x/05-design-violet/bootstrap-tables.html]
[www.kodingwife.com/demos/unipro/v1-x/05-design-violet/custom-tables.html]
[www.kodingwife.com/demos/unipro/v1-x/05-design-violet/data-tables.html]
[www.kodingwife.com/demos/unipro/v1-x/05-design-violet/login.html]
[www.kodingwife.com/demos/unipro/v1-x/05-design-violet/signup.html]
[www.kodingwife.com/demos/unipro/v1-x/05-design-violet/forgot-password.html]
[www.kodingwife.com/demos/unipro/v1-x/05-design-violet/reset-password.html]
[www.kodingwife.com/demos/unipro/v1-x/05-design-violet/lock-screen.html]
[www.kodingwife.com/demos/unipro/v1-x/05-design-violet/subscribe.html]
[www.kodingwife.com/demos/unipro/v1-x/05-design-violet/maintenance.html]
[www.kodingwife.com/demos/unipro/v1-x/05-design-violet/error.html]
[www.kodingwife.com/demos/unipro/v1-x/05-design-violet/error-option2.html]
[www.kodingwife.com/demos/unipro/v1-x/05-design-violet/img/user6.png]
[www.kodingwife.com/demos/unipro/v1-x/05-design-violet/img/user10.png]
[www.kodingwife.com/demos/unipro/v1-x/05-design-violet/img/user21.png]
[www.kodingwife.com/demos/unipro/v1-x/05-design-violet/img/user15.png]
[www.kodingwife.com/demos/unipro/v1-x/05-design-violet/img/user5.png]
[www.kodingwife.com/demos/unipro/v1-x/05-design-violet/img/products/bag.jpg]
[www.kodingwife.com/demos/unipro/v1-x/05-design-violet/img/products/toy.jpg]
[www.kodingwife.com/demos/unipro/v1-x/05-design-violet/img/products/pencils.jpg]
[www.kodingwife.com/demos/unipro/v1-x/05-design-violet/img/products/camera.jpg]
[www.kodingwife.com/demos/unipro/v1-x/05-design-violet/js/jquery.min.js]
[www.kodingwife.com/demos/unipro/v1-x/05-design-violet/js/bootstrap.bundle.min.js]
[www.kodingwife.com/demos/unipro/v1-x/05-design-violet/js/modernizr.js]
[www.kodingwife.com/demos/unipro/v1-x/05-design-violet/js/moment.js]
[www.kodingwife.com/demos/unipro/v1-x/05-design-violet/vendor/megamenu/js/megamenu.js]
[www.kodingwife.com/demos/unipro/v1-x/05-design-violet/vendor/megamenu/js/custom.js]
[www.kodingwife.com/demos/unipro/v1-x/05-design-violet/vendor/slimscroll/slimscroll.min.js]
[www.kodingwife.com/demos/unipro/v1-x/05-design-violet/vendor/slimscroll/custom-scrollbar.js]
[www.kodingwife.com/demos/unipro/v1-x/05-design-violet/vendor/search-filter/custom-search-filter.js]
[www.kodingwife.com/demos/unipro/v1-x/05-design-violet/vendor/apex/custom/home/salesGraph.js]
[www.kodingwife.com/demos/unipro/v1-x/05-design-violet/vendor/apex/apexcharts.min.js]
[www.kodingwife.com/demos/unipro/v1-x/05-design-violet/vendor/search-filter/search-filter.js]
[www.kodingwife.com/demos/unipro/v1-x/05-design-violet/vendor/apex/custom/home/ordersGraph.js]
[www.kodingwife.com/demos/unipro/v1-x/05-design-violet/vendor/apex/custom/home/earningsGraph.js]
[www.kodingwife.com/demos/unipro/v1-x/05-design-violet/vendor/apex/custom/home/visitorsGraph.js]
[www.kodingwife.com/demos/unipro/v1-x/05-design-violet/vendor/apex/custom/home/customersGraph.js]
[www.kodingwife.com/demos/unipro/v1-x/05-design-violet/vendor/apex/custom/home/sparkline.js]
[www.kodingwife.com/demos/unipro/v1-x/05-design-violet/vendor/circliful/circliful.min.js]
[www.kodingwife.com/demos/unipro/v1-x/05-design-violet/vendor/circliful/circliful.custom.js]
[www.kodingwife.com/demos/unipro/v1-x/05-design-violet/js/main.js]
[www.kodingwife.com/demos/unipro/v1-x/05-design-violet/index.html]
[www.kodingwife.com/demos/unipro/v1-x/05-design-violet/css/bootstrap.min.css]
[www.kodingwife.com/demos/unipro/v1-x/05-design-violet/fonts/icomoonf33b.eot]
[www.kodingwife.com/demos/unipro/v1-x/05-design-violet/fonts/icomoonf33b.ttf]
[www.kodingwife.com/demos/unipro/v1-x/05-design-violet/fonts/icomoonf33b.woff]
[www.kodingwife.com/demos/unipro/v1-x/05-design-violet/fonts/style.css]
[www.kodingwife.com/demos/unipro/v1-x/05-design-violet/fonts/open-sans/OpenSans-Light.ttf]
[www.kodingwife.com/demos/unipro/v1-x/05-design-violet/fonts/open-sans/OpenSans-Regular.ttf]
[www.kodingwife.com/demos/unipro/v1-x/05-design-violet/fonts/open-sans/OpenSans-SemiBold.ttf]
[www.kodingwife.com/demos/unipro/v1-x/05-design-violet/fonts/open-sans/OpenSans-Bold.ttf]
[www.kodingwife.com/demos/unipro/v1-x/05-design-violet/fonts/open-sans/OpenSans-ExtraBold.ttf]
[www.kodingwife.com/demos/unipro/v1-x/05-design-violet/fonts/rubik-mono/RubikMonoOne-Regular.ttf]
[www.kodingwife.com/demos/unipro/v1-x/05-design-violet/img/login-bg.jpg]
[www.kodingwife.com/demos/unipro/v1-x/05-design-violet/img/shade.png]
[www.kodingwife.com/demos/unipro/v1-x/05-design-violet/img/consulting2.png]
[www.kodingwife.com/demos/unipro/v1-x/05-design-violet/css/main.css]
[www.kodingwife.com/demos/unipro/v1-x/05-design-violet/vendor/megamenu/css/megamenu.css]
[www.kodingwife.com/demos/unipro/v1-x/05-design-violet/vendor/search-filter/search-filter.css]
[www.kodingwife.com/demos/unipro/v1-x/05-design-violet/vendor/search-filter/custom-search-filter.css]
[www.kodingwife.com/demos/unipro/v1-x/05-design-violet/img/logo.svg]
[www.kodingwife.com/demos/unipro/v1-x/05-design-violet/img/user8.png]
[www.kodingwife.com/demos/unipro/v1-x/05-design-violet/img/user22.png]
[www.kodingwife.com/demos/unipro/v1-x/05-design-violet/img/user20.png]
[www.kodingwife.com/demos/unipro/v1-x/05-design-violet/img/user2.png]
[www.kodingwife.com/demos/unipro/v1-x/05-design-violet/img/user3.png]
[www.kodingwife.com/demos/unipro/v1-x/05-design-violet/vendor/daterange/daterange.js]
[www.kodingwife.com/demos/unipro/v1-x/05-design-violet/vendor/daterange/custom-daterange.js]
[www.kodingwife.com/demos/unipro/v1-x/05-design-violet/vendor/rating/raty.js]
[www.kodingwife.com/demos/unipro/v1-x/05-design-violet/vendor/rating/raty-custom.js]
[www.kodingwife.com/demos/unipro/v1-x/05-design-violet/vendor/apex/custom/analytics/ordersGraph.js]
[www.kodingwife.com/demos/unipro/v1-x/05-design-violet/vendor/apex/custom/analytics/targets.js]
[www.kodingwife.com/demos/unipro/v1-x/05-design-violet/vendor/apex/custom/analytics/byChannelGraph.js]
[www.kodingwife.com/demos/unipro/v1-x/05-design-violet/vendor/apex/custom/analytics/byCountryGraph.js]
[www.kodingwife.com/demos/unipro/v1-x/05-design-violet/vendor/apex/custom/analytics/byDeviceGraph.js]
[www.kodingwife.com/demos/unipro/v1-x/05-design-violet/analytics.html]
[www.kodingwife.com/demos/unipro/v1-x/05-design-violet/vendor/datatables/dataTables.bs4.css]
[www.kodingwife.com/demos/unipro/v1-x/05-design-violet/vendor/datatables/dataTables.bs4-custom.css]
[www.kodingwife.com/demos/unipro/v1-x/05-design-violet/img/products/clock.jpg]
[www.kodingwife.com/demos/unipro/v1-x/05-design-violet/img/products/ring.jpg]
[www.kodingwife.com/demos/unipro/v1-x/05-design-violet/img/products/shirt.jpg]
[www.kodingwife.com/demos/unipro/v1-x/05-design-violet/img/products/shoes.jpg]
[www.kodingwife.com/demos/unipro/v1-x/05-design-violet/img/user12.png]
[www.kodingwife.com/demos/unipro/v1-x/05-design-violet/vendor/apex/custom/sales/revenue.js]
[www.kodingwife.com/demos/unipro/v1-x/05-design-violet/vendor/apex/custom/sales/tickets.js]
[www.kodingwife.com/demos/unipro/v1-x/05-design-violet/vendor/datatables/dataTables.min.js]
[www.kodingwife.com/demos/unipro/v1-x/05-design-violet/vendor/datatables/dataTables.bootstrap.min.js]
[www.kodingwife.com/demos/unipro/v1-x/05-design-violet/vendor/datatables/custom/custom-datatables.js]
[www.kodingwife.com/demos/unipro/v1-x/05-design-violet/sales.html]
[www.kodingwife.com/demos/unipro/v1-x/05-design-violet/img/stock/img5.jpg]
[www.kodingwife.com/demos/unipro/v1-x/05-design-violet/img/stock/img2.jpg]
[www.kodingwife.com/demos/unipro/v1-x/05-design-violet/img/stock/img6.jpg]
[www.kodingwife.com/demos/unipro/v1-x/05-design-violet/img/stock/img4.jpg]
[www.kodingwife.com/demos/unipro/v1-x/05-design-violet/img/stock/img7.jpg]
[www.kodingwife.com/demos/unipro/v1-x/05-design-violet/img/stock/img3.jpg]
[www.kodingwife.com/demos/unipro/v1-x/05-design-violet/img/stock/img1.jpg]
[www.kodingwife.com/demos/unipro/v1-x/05-design-violet/img/stock/img10.jpg]
[www.kodingwife.com/demos/unipro/v1-x/05-design-violet/img/stock/img9.jpg]
[www.kodingwife.com/demos/unipro/v1-x/05-design-violet/img/user24.png]
[www.kodingwife.com/demos/unipro/v1-x/05-design-violet/vendor/apex/custom/crm/sparkline-graphs.js]
[www.kodingwife.com/demos/unipro/v1-x/05-design-violet/vendor/apex/custom/crm/sales.js]
[www.kodingwife.com/demos/unipro/v1-x/05-design-violet/crm.html]
[www.kodingwife.com/demos/unipro/v1-x/05-design-violet/img/stock/img11.jpg]
[www.kodingwife.com/demos/unipro/v1-x/05-design-violet/img/stock/img13.jpg]
[www.kodingwife.com/demos/unipro/v1-x/05-design-violet/img/stock/img14.jpg]
[www.kodingwife.com/demos/unipro/v1-x/05-design-violet/img/followers.jpg]
[www.kodingwife.com/demos/unipro/v1-x/05-design-violet/vendor/apex/custom/reports/sales.js]
[www.kodingwife.com/demos/unipro/v1-x/05-design-violet/vendor/apex/custom/reports/sales2.js]
[www.kodingwife.com/demos/unipro/v1-x/05-design-violet/vendor/apex/custom/reports/revenue.js]
[www.kodingwife.com/demos/unipro/v1-x/05-design-violet/vendor/apex/custom/reports/orders.js]
[www.kodingwife.com/demos/unipro/v1-x/05-design-violet/vendor/apex/custom/reports/sparkline.js]
[www.kodingwife.com/demos/unipro/v1-x/05-design-violet/reports.html]
[www.kodingwife.com/demos/unipro/v1-x/05-design-violet/vendor/daterange/daterange.css]
[www.kodingwife.com/demos/unipro/v1-x/05-design-violet/img/user18.png]
[www.kodingwife.com/demos/unipro/v1-x/05-design-violet/vendor/apex/custom/saas/sales.js]
[www.kodingwife.com/demos/unipro/v1-x/05-design-violet/vendor/apex/custom/saas/revenue.js]
[www.kodingwife.com/demos/unipro/v1-x/05-design-violet/saas.html]
[www.kodingwife.com/demos/unipro/v1-x/05-design-violet/vendor/bs-select/bs-select.css]
[www.kodingwife.com/demos/unipro/v1-x/05-design-violet/vendor/calendar/css/main.min.css]
[www.kodingwife.com/demos/unipro/v1-x/05-design-violet/vendor/calendar/css/custom.css]
[www.kodingwife.com/demos/unipro/v1-x/05-design-violet/vendor/bs-select/bs-select.min.js]
[www.kodingwife.com/demos/unipro/v1-x/05-design-violet/vendor/bs-select/bs-select-custom.js]
[www.kodingwife.com/demos/unipro/v1-x/05-design-violet/vendor/calendar/js/main.min.js]
[www.kodingwife.com/demos/unipro/v1-x/05-design-violet/vendor/calendar/custom/custom-schedule-calendar.js]
[www.kodingwife.com/demos/unipro/v1-x/05-design-violet/consulting.html]
[www.kodingwife.com/demos/unipro/v1-x/05-design-violet/img/user1.png]
[www.kodingwife.com/demos/unipro/v1-x/05-design-violet/img/user7.png]
[www.kodingwife.com/demos/unipro/v1-x/05-design-violet/vendor/apex/custom/profile/revenue.js]
[www.kodingwife.com/demos/unipro/v1-x/05-design-violet/profile.html]
[www.kodingwife.com/demos/unipro/v1-x/05-design-violet/starter-page.html]
[www.kodingwife.com/demos/unipro/v1-x/05-design-violet/layout-tabs-tooltip.html]
[www.kodingwife.com/demos/unipro/v1-x/05-design-violet/layout-tile-menu.html]
[www.kodingwife.com/demos/unipro/v1-x/05-design-violet/layout-collapse-menu.html]
[www.kodingwife.com/demos/unipro/v1-x/05-design-violet/layout-compact-menu.html]
[www.kodingwife.com/demos/unipro/v1-x/05-design-violet/layout-slim-menu.html]
[www.kodingwife.com/demos/unipro/v1-x/05-design-violet/layout-hover-tabs.html]
[www.kodingwife.com/demos/unipro/v1-x/05-design-violet/layout-daterange.html]
[www.kodingwife.com/demos/unipro/v1-x/05-design-violet/layout-full-screen.html]
[www.kodingwife.com/demos/unipro/v1-x/05-design-violet/layout-full-view.html]
[www.kodingwife.com/demos/unipro/v1-x/05-design-violet/layout-search.html]
[www.kodingwife.com/demos/unipro/v1-x/05-design-violet/layout-megamenu.html]
[www.kodingwife.com/demos/unipro/v1-x/05-design-violet/layout-bradcrumb.html]
[www.kodingwife.com/demos/unipro/v1-x/05-design-violet/layout-scroll-cards.html]
[www.kodingwife.com/demos/unipro/v1-x/05-design-violet/vendor/datatables/buttons.bs.css]
[www.kodingwife.com/demos/unipro/v1-x/05-design-violet/vendor/datatables/buttons.min.js]
[www.kodingwife.com/demos/unipro/v1-x/05-design-violet/vendor/datatables/jszip.min.js]
[www.kodingwife.com/demos/unipro/v1-x/05-design-violet/vendor/datatables/html5.min.js]
[www.kodingwife.com/demos/unipro/v1-x/05-design-violet/vendor/datatables/buttons.print.min.js]
[www.kodingwife.com/demos/unipro/v1-x/05-design-violet/orders.html]
[www.kodingwife.com/demos/unipro/v1-x/05-design-violet/img/user.png]
[www.kodingwife.com/demos/unipro/v1-x/05-design-violet/img/user9.png]
[www.kodingwife.com/demos/unipro/v1-x/05-design-violet/vendor/datatables/vfs_fonts.js]
[www.kodingwife.com/demos/unipro/v1-x/05-design-violet/img/user23.png]
[www.kodingwife.com/demos/unipro/v1-x/05-design-violet/img/user14.png]
[www.kodingwife.com/demos/unipro/v1-x/05-design-violet/img/user19.png]
[www.kodingwife.com/demos/unipro/v1-x/05-design-violet/invoices-list.html]
[www.kodingwife.com/demos/unipro/v1-x/05-design-violet/img/products/drone.jpg]
[www.kodingwife.com/demos/unipro/v1-x/05-design-violet/products.html]
[www.kodingwife.com/demos/unipro/v1-x/05-design-violet/products-list.html]
[www.kodingwife.com/demos/unipro/v1-x/05-design-violet/vendor/wizard/jquery.steps.css]
[www.kodingwife.com/demos/unipro/v1-x/05-design-violet/vendor/summernote/summernote-bs4.css]
[www.kodingwife.com/demos/unipro/v1-x/05-design-violet/vendor/dropzone/dropzone.min.css]
[www.kodingwife.com/demos/unipro/v1-x/05-design-violet/vendor/input-tags/tagsinput.css]
[www.kodingwife.com/demos/unipro/v1-x/05-design-violet/vendor/wizard/jquery.steps.min.js]
[www.kodingwife.com/demos/unipro/v1-x/05-design-violet/vendor/wizard/jquery.steps.custom.js]
[www.kodingwife.com/demos/unipro/v1-x/05-design-violet/vendor/summernote/summernote-bs4.js]
[www.kodingwife.com/demos/unipro/v1-x/05-design-violet/vendor/dropzone/dropzone.min.js]
[www.kodingwife.com/demos/unipro/v1-x/05-design-violet/vendor/input-tags/tagsinput.min.js]
[www.kodingwife.com/demos/unipro/v1-x/05-design-violet/vendor/input-tags/typeahead.js]
[www.kodingwife.com/demos/unipro/v1-x/05-design-violet/vendor/input-tags/tagsinput-custom.js]
[www.kodingwife.com/demos/unipro/v1-x/05-design-violet/add-product.html]
[www.kodingwife.com/demos/unipro/v1-x/05-design-violet/vendor/datatables/pdfmake.min.js]
[www.kodingwife.com/demos/unipro/v1-x/05-design-violet/img/user16.png]
[www.kodingwife.com/demos/unipro/v1-x/05-design-violet/img/user13.png]
[www.kodingwife.com/demos/unipro/v1-x/05-design-violet/img/user4.png]
[www.kodingwife.com/demos/unipro/v1-x/05-design-violet/customers-list.html]
[www.kodingwife.com/demos/unipro/v1-x/05-design-violet/products-reviews.html]
[www.kodingwife.com/demos/unipro/v1-x/05-design-violet/vendor/calendar/custom/daygrid-calendar.js]
[www.kodingwife.com/demos/unipro/v1-x/05-design-violet/calendar-daygrid-view.html]
[www.kodingwife.com/demos/unipro/v1-x/05-design-violet/vendor/calendar/custom/list-view-calendar.js]
[www.kodingwife.com/demos/unipro/v1-x/05-design-violet/calendar-list-view.html]
[www.kodingwife.com/demos/unipro/v1-x/05-design-violet/vendor/calendar/custom/draggable-calendar.js]
[www.kodingwife.com/demos/unipro/v1-x/05-design-violet/calendar-external-dragging.html]
[www.kodingwife.com/demos/unipro/v1-x/05-design-violet/vendor/calendar/custom/google-view-calendar.js]
[www.kodingwife.com/demos/unipro/v1-x/05-design-violet/calendar-google-view.html]
[www.kodingwife.com/demos/unipro/v1-x/05-design-violet/vendor/calendar/custom/selectable-calendar.js]
[www.kodingwife.com/demos/unipro/v1-x/05-design-violet/calendar-selectable.html]
[www.kodingwife.com/demos/unipro/v1-x/05-design-violet/chat.html]
[www.kodingwife.com/demos/unipro/v1-x/05-design-violet/tasks.html]
[www.kodingwife.com/demos/unipro/v1-x/05-design-violet/create-invoice.html]
[www.kodingwife.com/demos/unipro/v1-x/05-design-violet/view-invoice.html]
[www.kodingwife.com/demos/unipro/v1-x/05-design-violet/documents.html]
[www.kodingwife.com/demos/unipro/v1-x/05-design-violet/faq.html]
[www.kodingwife.com/demos/unipro/v1-x/05-design-violet/img/user17.png]
[www.kodingwife.com/demos/unipro/v1-x/05-design-violet/contacts.html]
[www.kodingwife.com/demos/unipro/v1-x/05-design-violet/pricing.html]
[www.kodingwife.com/demos/unipro/v1-x/05-design-violet/img/realestate/img1.jpg]
[www.kodingwife.com/demos/unipro/v1-x/05-design-violet/img/realestate/img8.jpg]
[www.kodingwife.com/demos/unipro/v1-x/05-design-violet/img/realestate/img9.jpg]
[www.kodingwife.com/demos/unipro/v1-x/05-design-violet/img/realestate/img10.jpg]
[www.kodingwife.com/demos/unipro/v1-x/05-design-violet/img/realestate/img11.jpg]
[www.kodingwife.com/demos/unipro/v1-x/05-design-violet/img/realestate/img5.jpg]
[www.kodingwife.com/demos/unipro/v1-x/05-design-violet/img/realestate/img2.jpg]
[www.kodingwife.com/demos/unipro/v1-x/05-design-violet/img/realestate/img3.jpg]
[www.kodingwife.com/demos/unipro/v1-x/05-design-violet/img/realestate/img4.jpg]
[www.kodingwife.com/demos/unipro/v1-x/05-design-violet/img/realestate/img6.jpg]
[www.kodingwife.com/demos/unipro/v1-x/05-design-violet/img/realestate/img7.jpg]
[www.kodingwife.com/demos/unipro/v1-x/05-design-violet/img/realestate/img12.jpg]
[www.kodingwife.com/demos/unipro/v1-x/05-design-violet/gallery-tiles.html]
[www.kodingwife.com/demos/unipro/v1-x/05-design-violet/vendor/gallery/gallery.css]
[www.kodingwife.com/demos/unipro/v1-x/05-design-violet/img/stock/img8.jpg]
[www.kodingwife.com/demos/unipro/v1-x/05-design-violet/img/stock/img12.jpg]
[www.kodingwife.com/demos/unipro/v1-x/05-design-violet/vendor/gallery/baguetteBox.js]
[www.kodingwife.com/demos/unipro/v1-x/05-design-violet/vendor/gallery/plugins.js]
[www.kodingwife.com/demos/unipro/v1-x/05-design-violet/vendor/gallery/custom-gallery.js]
[www.kodingwife.com/demos/unipro/v1-x/05-design-violet/gallery.html]
[www.kodingwife.com/demos/unipro/v1-x/05-design-violet/icons.html]
[www.kodingwife.com/demos/unipro/v1-x/05-design-violet/timeline.html]
[www.kodingwife.com/demos/unipro/v1-x/05-design-violet/search-results.html]
[www.kodingwife.com/demos/unipro/v1-x/05-design-violet/account-settings.html]
[www.kodingwife.com/demos/unipro/v1-x/05-design-violet/user-profile.html]
[www.kodingwife.com/demos/unipro/v1-x/05-design-violet/forms-layout-one.html]
[www.kodingwife.com/demos/unipro/v1-x/05-design-violet/forms-layout-two.html]
[www.kodingwife.com/demos/unipro/v1-x/05-design-violet/forms-layout-three.html]
[www.kodingwife.com/demos/unipro/v1-x/05-design-violet/vendor/input-masks/cleave.min.js]
[www.kodingwife.com/demos/unipro/v1-x/05-design-violet/vendor/input-masks/cleave-phone.js]
[www.kodingwife.com/demos/unipro/v1-x/05-design-violet/vendor/input-masks/cleave-custom.js]
[www.kodingwife.com/demos/unipro/v1-x/05-design-violet/forms-layout-four.html]
[www.kodingwife.com/demos/unipro/v1-x/05-design-violet/forms-layout-five.html]
[www.kodingwife.com/demos/unipro/v1-x/05-design-violet/forms-layout-six.html]
[www.kodingwife.com/demos/unipro/v1-x/05-design-violet/forms-inputs.html]
[www.kodingwife.com/demos/unipro/v1-x/05-design-violet/forms-input-groups.html]
[www.kodingwife.com/demos/unipro/v1-x/05-design-violet/forms-checkbox-radio.html]
[www.kodingwife.com/demos/unipro/v1-x/05-design-violet/forms-validation.html]
[www.kodingwife.com/demos/unipro/v1-x/05-design-violet/forms-dropzone.html]
[www.kodingwife.com/demos/unipro/v1-x/05-design-violet/forms-bs-select.html]
[www.kodingwife.com/demos/unipro/v1-x/05-design-violet/forms-date-time-picker.html]
[www.kodingwife.com/demos/unipro/v1-x/05-design-violet/img/cards/mastercard.png]
[www.kodingwife.com/demos/unipro/v1-x/05-design-violet/img/cards/visa.png]
[www.kodingwife.com/demos/unipro/v1-x/05-design-violet/img/cards/american-express.png]
[www.kodingwife.com/demos/unipro/v1-x/05-design-violet/img/cards/jcb.png]
[www.kodingwife.com/demos/unipro/v1-x/05-design-violet/img/cards/diners.png]
[www.kodingwife.com/demos/unipro/v1-x/05-design-violet/img/cards/discover.png]
[www.kodingwife.com/demos/unipro/v1-x/05-design-violet/forms-input-mask.html]
[www.kodingwife.com/demos/unipro/v1-x/05-design-violet/vendor/range-slider/ion.rangeSlider.css]
[www.kodingwife.com/demos/unipro/v1-x/05-design-violet/vendor/range-slider/ion.rangeSlider.min.js]
[www.kodingwife.com/demos/unipro/v1-x/05-design-violet/vendor/range-slider/rangeSlider-custom.js]
[www.kodingwife.com/demos/unipro/v1-x/05-design-violet/forms-input-range.html]
[www.kodingwife.com/demos/unipro/v1-x/05-design-violet/forms-editor.html]
[www.kodingwife.com/demos/unipro/v1-x/05-design-violet/accordions.html]
[www.kodingwife.com/demos/unipro/v1-x/05-design-violet/alerts.html]
[www.kodingwife.com/demos/unipro/v1-x/05-design-violet/buttons.html]
[www.kodingwife.com/demos/unipro/v1-x/05-design-violet/badges.html]
[www.kodingwife.com/demos/unipro/v1-x/05-design-violet/cards.html]
[www.kodingwife.com/demos/unipro/v1-x/05-design-violet/img/stock/img15.jpg]
[www.kodingwife.com/demos/unipro/v1-x/05-design-violet/carousel.html]
[www.kodingwife.com/demos/unipro/v1-x/05-design-violet/list-group.html]
[www.kodingwife.com/demos/unipro/v1-x/05-design-violet/modals.html]
[www.kodingwife.com/demos/unipro/v1-x/05-design-violet/paginations.html]
[www.kodingwife.com/demos/unipro/v1-x/05-design-violet/popovers.html]
[www.kodingwife.com/demos/unipro/v1-x/05-design-violet/progress.html]
[www.kodingwife.com/demos/unipro/v1-x/05-design-violet/spinners.html]
[www.kodingwife.com/demos/unipro/v1-x/05-design-violet/tabs.html]
[www.kodingwife.com/demos/unipro/v1-x/05-design-violet/vendor/notify/notify-flat.css]
[www.kodingwife.com/demos/unipro/v1-x/05-design-violet/js/jquery.easing.1.3.js]
[www.kodingwife.com/demos/unipro/v1-x/05-design-violet/vendor/notify/notify.js]
[www.kodingwife.com/demos/unipro/v1-x/05-design-violet/vendor/notify/notify-custom.js]
[www.kodingwife.com/demos/unipro/v1-x/05-design-violet/toasts.html]
[www.kodingwife.com/demos/unipro/v1-x/05-design-violet/tooltips.html]
[www.kodingwife.com/demos/unipro/v1-x/05-design-violet/vendor/apex/examples/area/basic-area-graph.js]
[www.kodingwife.com/demos/unipro/v1-x/05-design-violet/vendor/apex/examples/area/basic-area-graph-spline.js]
[www.kodingwife.com/demos/unipro/v1-x/05-design-violet/vendor/apex/examples/area/basic-area-graph-stacked.js]
[www.kodingwife.com/demos/unipro/v1-x/05-design-violet/vendor/apex/examples/bar/basic-bar-graph.js]
[www.kodingwife.com/demos/unipro/v1-x/05-design-violet/vendor/apex/examples/bar/basic-bar-graph-grouped.js]
[www.kodingwife.com/demos/unipro/v1-x/05-design-violet/vendor/apex/examples/bar/basic-bar-stack-graph.js]
[www.kodingwife.com/demos/unipro/v1-x/05-design-violet/vendor/apex/examples/bar/basic-bar-stack-graph-full-width.js]
[www.kodingwife.com/demos/unipro/v1-x/05-design-violet/vendor/apex/examples/bar/basic-bar-negative-values.js]
[www.kodingwife.com/demos/unipro/v1-x/05-design-violet/vendor/apex/examples/candlestick/basic-candlestick-graph.js]
[www.kodingwife.com/demos/unipro/v1-x/05-design-violet/vendor/apex/examples/column/basic-column-graph.js]
[www.kodingwife.com/demos/unipro/v1-x/05-design-violet/vendor/apex/examples/column/basic-column-graph-datalables.js]
[www.kodingwife.com/demos/unipro/v1-x/05-design-violet/vendor/apex/examples/column/basic-column-stack-graph.js]
[www.kodingwife.com/demos/unipro/v1-x/05-design-violet/vendor/apex/examples/column/basic-column-stack-graph-fullheight.js]
[www.kodingwife.com/demos/unipro/v1-x/05-design-violet/vendor/apex/examples/line/basic-line-graph.js]
[www.kodingwife.com/demos/unipro/v1-x/05-design-violet/vendor/apex/examples/line/line-with-data-labels.js]
[www.kodingwife.com/demos/unipro/v1-x/05-design-violet/vendor/apex/examples/line/stepline.js]
[www.kodingwife.com/demos/unipro/v1-x/05-design-violet/vendor/apex/examples/pie/basic-donut-graph.js]
[www.kodingwife.com/demos/unipro/v1-x/05-design-violet/vendor/apex/examples/pie/basic-donut-graph-gradient.js]
[www.kodingwife.com/demos/unipro/v1-x/05-design-violet/vendor/apex/examples/pie/basic-donut-graph-monochrome-gradient.js]
[www.kodingwife.com/demos/unipro/v1-x/05-design-violet/vendor/apex/examples/pie/basic-donut-graph-monochrome.js]
[www.kodingwife.com/demos/unipro/v1-x/05-design-violet/vendor/apex/examples/pie/basic-pie-graph.js]
[www.kodingwife.com/demos/unipro/v1-x/05-design-violet/vendor/apex/examples/pie/basic-pie-graph-gradient.js]
[www.kodingwife.com/demos/unipro/v1-x/05-design-violet/vendor/apex/examples/pie/basic-pie-graph-monochrome.js]
[www.kodingwife.com/demos/unipro/v1-x/05-design-violet/vendor/apex/examples/pie/basic-pie-graph-monochrome-gradient.js]
[www.kodingwife.com/demos/unipro/v1-x/05-design-violet/apex-graphs.html]
[www.kodingwife.com/demos/unipro/v1-x/05-design-violet/vendor/morris/morris.css]
[www.kodingwife.com/demos/unipro/v1-x/05-design-violet/vendor/morris/morris.min.js]
[www.kodingwife.com/demos/unipro/v1-x/05-design-violet/vendor/morris/raphael-min.js]
[www.kodingwife.com/demos/unipro/v1-x/05-design-violet/vendor/morris/custom/areaChart.js]
[www.kodingwife.com/demos/unipro/v1-x/05-design-violet/vendor/morris/custom/xLabelsDiagonally.js]
[www.kodingwife.com/demos/unipro/v1-x/05-design-violet/vendor/morris/custom/barColors.js]
[www.kodingwife.com/demos/unipro/v1-x/05-design-violet/vendor/morris/custom/barNoAxis.js]
[www.kodingwife.com/demos/unipro/v1-x/05-design-violet/vendor/morris/custom/dayData.js]
[www.kodingwife.com/demos/unipro/v1-x/05-design-violet/vendor/morris/custom/donutColors.js]
[www.kodingwife.com/demos/unipro/v1-x/05-design-violet/vendor/morris/custom/donutFormatter.js]
[www.kodingwife.com/demos/unipro/v1-x/05-design-violet/vendor/morris/custom/morrisBarChart.js]
[www.kodingwife.com/demos/unipro/v1-x/05-design-violet/vendor/morris/custom/negativeValues.js]
[www.kodingwife.com/demos/unipro/v1-x/05-design-violet/vendor/morris/custom/stackedBarChart.js]
[www.kodingwife.com/demos/unipro/v1-x/05-design-violet/morris-graphs.html]
[www.kodingwife.com/demos/unipro/v1-x/05-design-violet/vendor/jvectormap/jquery-jvectormap-2.0.3.min.js]
[www.kodingwife.com/demos/unipro/v1-x/05-design-violet/vendor/jvectormap/usa.js]
[www.kodingwife.com/demos/unipro/v1-x/05-design-violet/vendor/jvectormap/africa-mill.js]
[www.kodingwife.com/demos/unipro/v1-x/05-design-violet/vendor/jvectormap/world-mill-en.js]
[www.kodingwife.com/demos/unipro/v1-x/05-design-violet/vendor/jvectormap/gdp-data.js]
[www.kodingwife.com/demos/unipro/v1-x/05-design-violet/vendor/jvectormap/dk-mill.js]
[www.kodingwife.com/demos/unipro/v1-x/05-design-violet/vendor/jvectormap/europe-mill.js]
[www.kodingwife.com/demos/unipro/v1-x/05-design-violet/vendor/jvectormap/de-merc.js]
[www.kodingwife.com/demos/unipro/v1-x/05-design-violet/vendor/jvectormap/us_aea.js]
[www.kodingwife.com/demos/unipro/v1-x/05-design-violet/vendor/jvectormap/custom/world-map-markers.js]
[www.kodingwife.com/demos/unipro/v1-x/05-design-violet/vendor/jvectormap/custom/resions-with-labels.js]
[www.kodingwife.com/demos/unipro/v1-x/05-design-violet/vendor/jvectormap/custom/regions-selection.js]
[www.kodingwife.com/demos/unipro/v1-x/05-design-violet/vendor/jvectormap/custom/custom-denmark.js]
[www.kodingwife.com/demos/unipro/v1-x/05-design-violet/vendor/jvectormap/custom/map-usa.js]
[www.kodingwife.com/demos/unipro/v1-x/05-design-violet/vendor/jvectormap/custom/map-europe.js]
[www.kodingwife.com/demos/unipro/v1-x/05-design-violet/vendor/jvectormap/custom/map-africa.js]
[www.kodingwife.com/demos/unipro/v1-x/05-design-violet/vendor/jvectormap/custom/world-map-gdp.js]
[www.kodingwife.com/demos/unipro/v1-x/05-design-violet/vector-maps.html]
[www.kodingwife.com/demos/unipro/v1-x/05-design-violet/bootstrap-tables.html]
[www.kodingwife.com/demos/unipro/v1-x/05-design-violet/custom-tables.html]
[www.kodingwife.com/demos/unipro/v1-x/05-design-violet/vendor/datatables/custom/fixedHeader.js]
[www.kodingwife.com/demos/unipro/v1-x/05-design-violet/data-tables.html]
[www.kodingwife.com/demos/unipro/v1-x/05-design-violet/login.html]
[www.kodingwife.com/demos/unipro/v1-x/05-design-violet/signup.html]
[www.kodingwife.com/demos/unipro/v1-x/05-design-violet/forgot-password.html]
[www.kodingwife.com/demos/unipro/v1-x/05-design-violet/reset-password.html]
[www.kodingwife.com/demos/unipro/v1-x/05-design-violet/lock-screen.html]
[www.kodingwife.com/demos/unipro/v1-x/05-design-violet/vendor/particles/particles.css]
[www.kodingwife.com/demos/unipro/v1-x/05-design-violet/subscribe.html]
[www.kodingwife.com/demos/unipro/v1-x/05-design-violet/img/maintenance.png]
[www.kodingwife.com/demos/unipro/v1-x/05-design-violet/maintenance.html]
[www.kodingwife.com/demos/unipro/v1-x/05-design-violet/vendor/particles/particles.min.js]
[www.kodingwife.com/demos/unipro/v1-x/05-design-violet/vendor/particles/particles-custom-error.js]
[www.kodingwife.com/demos/unipro/v1-x/05-design-violet/error.html]
[www.kodingwife.com/demos/unipro/v1-x/05-design-violet/img/error-screen/full-moon.png]
[www.kodingwife.com/demos/unipro/v1-x/05-design-violet/img/error-screen/astronaut.png]
[www.kodingwife.com/demos/unipro/v1-x/05-design-violet/error-option2.html]
[www.kodingwife.com/demos/unipro/v1-x/05-design-violet/img/user.svg]
[www.kodingwife.com/demos/unipro/v1-x/05-design-violet/fonts/icomoonf33b.svg]
[www.kodingwife.com/demos/unipro/v1-x/05-design-violet/img/pattern.svg]
[www.kodingwife.com/demos/unipro/v1-x/05-design-violet/img/dashed-circles-dark.svg]
[www.kodingwife.com/demos/unipro/v1-x/05-design-violet/img/consulting.svg]
[www.kodingwife.com/demos/unipro/v1-x/05-design-violet/img/lines-bg.svg]
[www.kodingwife.com/demos/unipro/v1-x/05-design-violet/img/lines-bg2.svg]
[www.kodingwife.com/demos/unipro/v1-x/05-design-violet/img/error-screen/stars.svg]
[www.kodingwife.com/demos/unipro/v1-x/05-design-violet/img/icon-search.svg]
[www.kodingwife.com/demos/unipro/v1-x/05-design-violet/img/cancel.svg]
[www.kodingwife.com/demos/unipro/v1-x/05-design-violet/img/food/pizza.svg]
[www.kodingwife.com/demos/unipro/v1-x/05-design-violet/img/food/donut.svg]
[www.kodingwife.com/demos/unipro/v1-x/05-design-violet/img/food/biscuit.svg]
[www.kodingwife.com/demos/unipro/v1-x/05-design-violet/img/food/ice-cream.svg]
[www.kodingwife.com/demos/unipro/v1-x/05-design-violet/img/food/cupcake.svg]
[www.kodingwife.com/demos/unipro/v1-x/05-design-violet/img/food/tea-cup.svg]
[www.kodingwife.com/demos/unipro/v1-x/05-design-violet/vendor/datatables/dataTables.bs4.css]
[www.kodingwife.com/demos/unipro/v1-x/05-design-violet/vendor/datatables/dataTables.bs4-custom.css]
[www.kodingwife.com/demos/unipro/v1-x/05-design-violet/img/svg/customer.svg]
[www.kodingwife.com/demos/unipro/v1-x/05-design-violet/img/svg/box.svg]
[www.kodingwife.com/demos/unipro/v1-x/05-design-violet/img/svg/income.svg]
[www.kodingwife.com/demos/unipro/v1-x/05-design-violet/img/svg/commisions.svg]
[www.kodingwife.com/demos/unipro/v1-x/05-design-violet/vendor/daterange/daterange.css]
[www.kodingwife.com/demos/unipro/v1-x/05-design-violet/img/trophy.svg]
[www.kodingwife.com/demos/unipro/v1-x/05-design-violet/vendor/bs-select/bs-select.css]
[www.kodingwife.com/demos/unipro/v1-x/05-design-violet/vendor/calendar/css/main.min.css]
[www.kodingwife.com/demos/unipro/v1-x/05-design-violet/vendor/calendar/css/custom.css]
[www.kodingwife.com/demos/unipro/v1-x/05-design-violet/img/logo-large.svg]
[www.kodingwife.com/demos/unipro/v1-x/05-design-violet/img/logo-compact.svg]
[www.kodingwife.com/demos/unipro/v1-x/05-design-violet/hover-tabs.html]
[www.kodingwife.com/demos/unipro/v1-x/05-design-violet/img/hover-on-tabs.svg]
[www.kodingwife.com/demos/unipro/v1-x/05-design-violet/vendor/datatables/buttons.bs.css]
[www.kodingwife.com/demos/unipro/v1-x/05-design-violet/vendor/wizard/jquery.steps.css]
[www.kodingwife.com/demos/unipro/v1-x/05-design-violet/vendor/summernote/fonts/summernote.eot]
[www.kodingwife.com/demos/unipro/v1-x/05-design-violet/vendor/summernote/fonts/summernoted41d.eot]
[www.kodingwife.com/demos/unipro/v1-x/05-design-violet/vendor/summernote/fonts/summernote.woff]
[www.kodingwife.com/demos/unipro/v1-x/05-design-violet/vendor/summernote/fonts/summernote.ttf]
[www.kodingwife.com/demos/unipro/v1-x/05-design-violet/vendor/summernote/summernote-bs4.css]
[www.kodingwife.com/demos/unipro/v1-x/05-design-violet/vendor/dropzone/dropzone.min.css]
[www.kodingwife.com/demos/unipro/v1-x/05-design-violet/vendor/input-tags/tagsinput.css]
[www.kodingwife.com/demos/unipro/v1-x/05-design-violet/img/flags/1x1/br.svg]
[www.kodingwife.com/demos/unipro/v1-x/05-design-violet/img/flags/1x1/ni.svg]
[www.kodingwife.com/demos/unipro/v1-x/05-design-violet/img/flags/1x1/za.svg]
[www.kodingwife.com/demos/unipro/v1-x/05-design-violet/img/flags/1x1/eu.svg]
[www.kodingwife.com/demos/unipro/v1-x/05-design-violet/img/flags/1x1/bv.svg]
[www.kodingwife.com/demos/unipro/v1-x/05-design-violet/img/flags/1x1/se.svg]
[www.kodingwife.com/demos/unipro/v1-x/05-design-violet/img/flags/1x1/in.svg]
[www.kodingwife.com/demos/unipro/v1-x/05-design-violet/img/flags/1x1/hn.svg]
[www.kodingwife.com/demos/unipro/v1-x/05-design-violet/img/flags/1x1/au.svg]
[www.kodingwife.com/demos/unipro/v1-x/05-design-violet/img/flags/1x1/ca.svg]
[www.kodingwife.com/demos/unipro/v1-x/05-design-violet/img/flags/1x1/cw.svg]
[www.kodingwife.com/demos/unipro/v1-x/05-design-violet/img/empty-chat-display.svg]
[www.kodingwife.com/demos/unipro/v1-x/05-design-violet/img/folder.svg]
[www.kodingwife.com/demos/unipro/v1-x/05-design-violet/img/docs/zip.svg]
[www.kodingwife.com/demos/unipro/v1-x/05-design-violet/img/docs/pdf.svg]
[www.kodingwife.com/demos/unipro/v1-x/05-design-violet/img/docs/doc.svg]
[www.kodingwife.com/demos/unipro/v1-x/05-design-violet/img/docs/xls.svg]
[www.kodingwife.com/demos/unipro/v1-x/05-design-violet/img/docs/ppt.svg]
[www.kodingwife.com/demos/unipro/v1-x/05-design-violet/vendor/gallery/gallery.css]
[www.kodingwife.com/demos/unipro/v1-x/05-design-violet/vendor/range-slider/ion.rangeSlider.css]
[www.kodingwife.com/demos/unipro/v1-x/05-design-violet/vendor/notify/notify-flat.css]
[www.kodingwife.com/demos/unipro/v1-x/05-design-violet/vendor/morris/morris.css]
[www.kodingwife.com/demos/unipro/v1-x/05-design-violet/img/flags/1x1/hk.svg]
[www.kodingwife.com/demos/unipro/v1-x/05-design-violet/img/flags/1x1/tz.svg]
[www.kodingwife.com/demos/unipro/v1-x/05-design-violet/img/flags/1x1/ru.svg]
[www.kodingwife.com/demos/unipro/v1-x/05-design-violet/img/flags/1x1/de.svg]
[www.kodingwife.com/demos/unipro/v1-x/05-design-violet/img/right-arrow.svg]
[www.kodingwife.com/demos/unipro/v1-x/05-design-violet/vendor/particles/particles.css]
[www.kodingwife.com/demos/unipro/v1-x/05-design-violet/img/error-screen/globe.svg]
[www.kodingwife.com/demos/unipro/v1-x/05-design-violet/img/error-screen/rocket.svg]
